 [3,]    3
 [4,]   13
 [5,]    4
 [6,]    3
 [7,]    7
 [8,]    0
 [9,]    0
[10,]    5
[11,]    0
[12,]    2
[13,]    0
[14,]    0
[15,]    0
[16,]    5
[17,]    3
[18,]    0
[19,]    0
[20,]    0
[21,]    9
[22,]    0
[23,]    5
[24,]    2
[25,]    2
[26,]    4
[27,]    0
[28,]    2
[29,]    0
[30,]    0
[31,]    0
[32,]    0
[33,]    9
[34,]    2
[35,]    5
[36,]    0
[37,]    2
[38,]    0
> for (i in 1:2000) {
+   v <- v * (1+ (mm %*% v)/10000)
+ }
> max(mm %*% v)
[1] 0.2161888
> sum(v)
[1] 1
> t(floor(v* 100))
     [,1] [,2] [,3] [,4] [,5] [,6] [,7] [,8] [,9] [,10] [,11] [,12] [,13] [,14] [,15] [,16] [,17] [,18] [,19] [,20] [,21] [,22] [,23] [,24]
[1,]    0    0    3   12    4    3    7    0    0     6     0     2     0     0     0     6     3     0     0     0     9     0     6     2
     [,25] [,26] [,27] [,28] [,29] [,30] [,31] [,32] [,33] [,34] [,35] [,36] [,37] [,38]
[1,]     2     4     0     2     0     0     0     0     8     2     5     0     2     0
> for (i in 1:2000) {
+   v <- v * (1+ (mm %*% v)/10000)
+ }
> max(mm %*% v)
[1] 0.2117512
> sum(v)
[1] 1
> t(floor(v* 100))
     [,1] [,2] [,3] [,4] [,5] [,6] [,7] [,8] [,9] [,10] [,11] [,12] [,13] [,14] [,15] [,16] [,17] [,18] [,19] [,20] [,21] [,22] [,23] [,24]
[1,]    0    0    3   12    4    3    7    0    0     6     0     2     0     0     0     6     4     0     0     0     9     0     6     2
     [,25] [,26] [,27] [,28] [,29] [,30] [,31] [,32] [,33] [,34] [,35] [,36] [,37] [,38]
[1,]     2     4     0     2     0     0     0     0     8     2     5     0     2     0
> for (i in 1:2000) {
+   v <- v * (1+ (mm %*% v)/10000)
+ }
> max(mm %*% v)
[1] 0.2047166
> sum(v)
[1] 1
> t(floor(v* 100))
     [,1] [,2] [,3] [,4] [,5] [,6] [,7] [,8] [,9] [,10] [,11] [,12] [,13] [,14] [,15] [,16] [,17] [,18] [,19] [,20] [,21] [,22] [,23] [,24]
[1,]    0    0    3   11    4    3    7    0    0     6     0     2     0     0     0     6     4     0     0     0     9     0     6     2
     [,25] [,26] [,27] [,28] [,29] [,30] [,31] [,32] [,33] [,34] [,35] [,36] [,37] [,38]
[1,]     2     4     0     2     0     0     0     0     8     2     5     0     2     0
> for (i in 1:2000) {
+   v <- v * (1+ (mm %*% v)/10000)
+ }
> max(mm %*% v)
[1] 0.1951963
> sum(v)
[1] 1
> t(floor(v* 100))
     [,1] [,2] [,3] [,4] [,5] [,6] [,7] [,8] [,9] [,10] [,11] [,12] [,13] [,14] [,15] [,16] [,17] [,18] [,19] [,20] [,21] [,22] [,23] [,24]
[1,]    0    0    3   11    4    3    8    0    0     6     0     2     0     0     0     6     4     0     0     0     9     0     6     2
     [,25] [,26] [,27] [,28] [,29] [,30] [,31] [,32] [,33] [,34] [,35] [,36] [,37] [,38]
[1,]     2     4     0     2     0     0     0     0     7     2     5     0     2     0
> for (i in 1:2000) {
+   v <- v * (1+ (mm %*% v)/10000)
+ }
> max(mm %*% v)
[1] 0.1833319
> sum(v)
[1] 1
> t(floor(v* 100))
     [,1] [,2] [,3] [,4] [,5] [,6] [,7] [,8] [,9] [,10] [,11] [,12] [,13] [,14] [,15] [,16] [,17] [,18] [,19] [,20] [,21] [,22] [,23] [,24]
[1,]    0    0    3   10    4    3    8    0    0     7     0     2     0     0     0     7     4     0     0     0     9     0     7     2
     [,25] [,26] [,27] [,28] [,29] [,30] [,31] [,32] [,33] [,34] [,35] [,36] [,37] [,38]
[1,]     2     4     0     2     0     0     0     0     7     2     5     0     2     0
> for (i in 1:2000) {
+   v <- v * (1+ (mm %*% v)/10000)
+ }
> max(mm %*% v)
[1] 0.1692932
> sum(v)
[1] 1
> t(floor(v* 100))
     [,1] [,2] [,3] [,4] [,5] [,6] [,7] [,8] [,9] [,10] [,11] [,12] [,13] [,14] [,15] [,16] [,17] [,18] [,19] [,20] [,21] [,22] [,23] [,24]
[1,]    0    0    3   10    4    3    8    0    0     7     0     2     0     0     0     7     4     0     0     0     9     0     7     2
     [,25] [,26] [,27] [,28] [,29] [,30] [,31] [,32] [,33] [,34] [,35] [,36] [,37] [,38]
[1,]     2     4     0     2     0     0     0     0     7     2     5     0     2     0
> for (i in 1:2000) {
+   v <- v * (1+ (mm %*% v)/10000)
+ }
> max(mm %*% v)
[1] 0.1603361
> sum(v)
[1] 1
> t(floor(v* 100))
     [,1] [,2] [,3] [,4] [,5] [,6] [,7] [,8] [,9] [,10] [,11] [,12] [,13] [,14] [,15] [,16] [,17] [,18] [,19] [,20] [,21] [,22] [,23] [,24]
[1,]    0    0    3   10    4    3    8    0    0     7     0     2     0     0     0     7     4     0     0     0     9     0     7     2
     [,25] [,26] [,27] [,28] [,29] [,30] [,31] [,32] [,33] [,34] [,35] [,36] [,37] [,38]
[1,]     2     4     0     2     0     0     0     0     7     2     5     0     2     0
> for (i in 1:2000) {
+   v <- v * (1+ (mm %*% v)/10000)
+ }
> max(mm %*% v)
[1] 0.1668529
> sum(v)
[1] 1
> t(floor(v* 100))
     [,1] [,2] [,3] [,4] [,5] [,6] [,7] [,8] [,9] [,10] [,11] [,12] [,13] [,14] [,15] [,16] [,17] [,18] [,19] [,20] [,21] [,22] [,23] [,24]
[1,]    0    0    3    9    4    3    8    0    0     7     0     2     0     0     0     7     4     0     0     0     8     0     7     2
     [,25] [,26] [,27] [,28] [,29] [,30] [,31] [,32] [,33] [,34] [,35] [,36] [,37] [,38]
[1,]     2     4     0     2     0     0     0     0     6     2     5     0     2     0
> for (i in 1:2000) {
+   v <- v * (1+ (mm %*% v)/10000)
+ }
> max(mm %*% v)
[1] 0.1705119
> sum(v)
[1] 1
> t(floor(v* 100))
     [,1] [,2] [,3] [,4] [,5] [,6] [,7] [,8] [,9] [,10] [,11] [,12] [,13] [,14] [,15] [,16] [,17] [,18] [,19] [,20] [,21] [,22] [,23] [,24]
[1,]    0    0    3    9    4    4    7    0    0     7     0     2     0     1     0     7     4     0     0     1     8     0     7     2
     [,25] [,26] [,27] [,28] [,29] [,30] [,31] [,32] [,33] [,34] [,35] [,36] [,37] [,38]
[1,]     2     5     0     2     0     1     0     0     6     2     5     0     2     0
> for (i in 1:2000) {
+   v <- v * (1+ (mm %*% v)/10000)
+ }
> max(mm %*% v)
[1] 0.171283
> sum(v)
[1] 1
> t(floor(v* 100))
     [,1] [,2] [,3] [,4] [,5] [,6] [,7] [,8] [,9] [,10] [,11] [,12] [,13] [,14] [,15] [,16] [,17] [,18] [,19] [,20] [,21] [,22] [,23] [,24]
[1,]    0    0    3    8    3    4    7    0    0     8     0     2     0     1     0     8     5     0     0     1     8     0     8     2
     [,25] [,26] [,27] [,28] [,29] [,30] [,31] [,32] [,33] [,34] [,35] [,36] [,37] [,38]
[1,]     2     5     0     2     0     1     0     0     6     2     5     0     2     0
> for (i in 1:2000) {
+   v <- v * (1+ (mm %*% v)/10000)
+ }
> max(mm %*% v)
[1] 0.1691792
> sum(v)
[1] 1
> t(floor(v* 100))
     [,1] [,2] [,3] [,4] [,5] [,6] [,7] [,8] [,9] [,10] [,11] [,12] [,13] [,14] [,15] [,16] [,17] [,18] [,19] [,20] [,21] [,22] [,23] [,24]
[1,]    0    0    3    8    3    4    7    0    0     8     0     2     0     1     0     8     5     0     0     1     8     0     8     2
     [,25] [,26] [,27] [,28] [,29] [,30] [,31] [,32] [,33] [,34] [,35] [,36] [,37] [,38]
[1,]     2     5     0     2     0     1     0     0     6     2     5     0     2     0
> for (i in 1:2000) {
+   v <- v * (1+ (mm %*% v)/10000)
+ }
> max(mm %*% v)
[1] 0.1642559
> sum(v)
[1] 1
> t(floor(v* 100))
     [,1] [,2] [,3] [,4] [,5] [,6] [,7] [,8] [,9] [,10] [,11] [,12] [,13] [,14] [,15] [,16] [,17] [,18] [,19] [,20] [,21] [,22] [,23] [,24]
[1,]    0    0    3    8    3    4    7    0    0     8     0     2     0     1     0     8     5     0     0     1     8     0     8     2
     [,25] [,26] [,27] [,28] [,29] [,30] [,31] [,32] [,33] [,34] [,35] [,36] [,37] [,38]
[1,]     2     5     0     2     0     1     0     0     5     2     5     0     2     0
> for (i in 1:2000) {
+   v <- v * (1+ (mm %*% v)/10000)
+ }
> max(mm %*% v)
[1] 0.1697852
> sum(v)
[1] 1
> t(floor(v* 100))
     [,1] [,2] [,3] [,4] [,5] [,6] [,7] [,8] [,9] [,10] [,11] [,12] [,13] [,14] [,15] [,16] [,17] [,18] [,19] [,20] [,21] [,22] [,23] [,24]
[1,]    0    0    3    8    3    4    7    0    0     8     0     2     0     1     0     8     5     0     0     1     7     0     8     2
     [,25] [,26] [,27] [,28] [,29] [,30] [,31] [,32] [,33] [,34] [,35] [,36] [,37] [,38]
[1,]     2     5     0     2     0     1     0     0     5     2     5     0     2     0
> for (i in 1:2000) {
+   v <- v * (1+ (mm %*% v)/10000)
+ }
> max(mm %*% v)
[1] 0.1817688
> sum(v)
[1] 1
> t(floor(v* 100))
     [,1] [,2] [,3] [,4] [,5] [,6] [,7] [,8] [,9] [,10] [,11] [,12] [,13] [,14] [,15] [,16] [,17] [,18] [,19] [,20] [,21] [,22] [,23] [,24]
[1,]    0    0    3    7    3    4    7    0    0     8     0     2     0     1     0     8     5     0     0     1     7     0     8     2
     [,25] [,26] [,27] [,28] [,29] [,30] [,31] [,32] [,33] [,34] [,35] [,36] [,37] [,38]
[1,]     2     5     0     2     0     1     0     0     5     2     5     0     2     0
> for (i in 1:2000) {
+   v <- v * (1+ (mm %*% v)/10000)
+ }
> max(mm %*% v)
[1] 0.1923642
> sum(v)
[1] 1
> t(floor(v* 100))
     [,1] [,2] [,3] [,4] [,5] [,6] [,7] [,8] [,9] [,10] [,11] [,12] [,13] [,14] [,15] [,16] [,17] [,18] [,19] [,20] [,21] [,22] [,23] [,24]
[1,]    0    0    3    7    3    4    6    0    0     8     0     2     0     1     0     8     5     0     0     1     7     0     8     1
     [,25] [,26] [,27] [,28] [,29] [,30] [,31] [,32] [,33] [,34] [,35] [,36] [,37] [,38]
[1,]     1     6     0     2     0     1     0     0     5     2     5     0     1     0
> for (i in 1:2000) {
+   v <- v * (1+ (mm %*% v)/10000)
+ }
> max(mm %*% v)
[1] 0.2017101
> sum(v)
[1] 1
> t(floor(v* 100))
     [,1] [,2] [,3] [,4] [,5] [,6] [,7] [,8] [,9] [,10] [,11] [,12] [,13] [,14] [,15] [,16] [,17] [,18] [,19] [,20] [,21] [,22] [,23] [,24]
[1,]    0    0    3    7    3    4    6    0    0     8     0     2     0     1     0     8     6     0     0     1     6     0     8     1
     [,25] [,26] [,27] [,28] [,29] [,30] [,31] [,32] [,33] [,34] [,35] [,36] [,37] [,38]
[1,]     1     6     0     2     0     1     0     0     5     2     5     0     1     0
> for (i in 1:2000) {
+   v <- v * (1+ (mm %*% v)/10000)
+ }
> max(mm %*% v)
[1] 0.2122423
> sum(v)
[1] 1
> t(floor(v* 100))
     [,1] [,2] [,3] [,4] [,5] [,6] [,7] [,8] [,9] [,10] [,11] [,12] [,13] [,14] [,15] [,16] [,17] [,18] [,19] [,20] [,21] [,22] [,23] [,24]
[1,]    0    0    4    7    3    5    6    0    0     8     0     2     0     1     0     8     6     0     0     1     6     0     8     1
     [,25] [,26] [,27] [,28] [,29] [,30] [,31] [,32] [,33] [,34] [,35] [,36] [,37] [,38]
[1,]     1     6     0     2     0     1     0     0     5     2     6     0     1     0
> for (i in 1:2000) {
+   v <- v * (1+ (mm %*% v)/10000)
+ }
> max(mm %*% v)
[1] 0.2200929
> sum(v)
[1] 1
> t(floor(v* 100))
     [,1] [,2] [,3] [,4] [,5] [,6] [,7] [,8] [,9] [,10] [,11] [,12] [,13] [,14] [,15] [,16] [,17] [,18] [,19] [,20] [,21] [,22] [,23] [,24]
[1,]    0    0    4    7    3    5    6    0    0     8     0     3     0     1     0     8     6     0     0     1     6     0     8     1
     [,25] [,26] [,27] [,28] [,29] [,30] [,31] [,32] [,33] [,34] [,35] [,36] [,37] [,38]
[1,]     1     6     0     3     0     1     0     0     5     3     6     0     1     0
> for (i in 1:2000) {
+   v <- v * (1+ (mm %*% v)/10000)
+ }
> max(mm %*% v)
[1] 0.2251545
> sum(v)
[1] 1
> t(floor(v* 100))
     [,1] [,2] [,3] [,4] [,5] [,6] [,7] [,8] [,9] [,10] [,11] [,12] [,13] [,14] [,15] [,16] [,17] [,18] [,19] [,20] [,21] [,22] [,23] [,24]
[1,]    0    0    4    7    3    5    5    0    0     8     0     3     0     1     0     8     6     0     0     1     6     0     8     1
     [,25] [,26] [,27] [,28] [,29] [,30] [,31] [,32] [,33] [,34] [,35] [,36] [,37] [,38]
[1,]     1     6     0     3     0     1     0     0     5     3     6     0     1     0
> for (i in 1:2000) {
+   v <- v * (1+ (mm %*% v)/10000)
+ }
> max(mm %*% v)
[1] 0.2273573
> sum(v)
[1] 1
> t(floor(v* 100))
     [,1] [,2] [,3] [,4] [,5] [,6] [,7] [,8] [,9] [,10] [,11] [,12] [,13] [,14] [,15] [,16] [,17] [,18] [,19] [,20] [,21] [,22] [,23] [,24]
[1,]    0    0    4    7    3    5    5    0    0     7     0     3     0     1     0     7     6     0     0     1     6     0     7     1
     [,25] [,26] [,27] [,28] [,29] [,30] [,31] [,32] [,33] [,34] [,35] [,36] [,37] [,38]
[1,]     1     6     0     3     0     1     0     0     5     3     6     0     1     0
> for (i in 1:2000) {
+   v <- v * (1+ (mm %*% v)/10000)
+ }
> max(mm %*% v)
[1] 0.228063
> sum(v)
[1] 1
> t(floor(v* 100))
     [,1] [,2] [,3] [,4] [,5] [,6] [,7] [,8] [,9] [,10] [,11] [,12] [,13] [,14] [,15] [,16] [,17] [,18] [,19] [,20] [,21] [,22] [,23] [,24]
[1,]    0    0    4    7    3    5    5    0    0     7     0     3     0     1     0     7     6     0     0     1     5     0     7     1
     [,25] [,26] [,27] [,28] [,29] [,30] [,31] [,32] [,33] [,34] [,35] [,36] [,37] [,38]
[1,]     1     6     0     3     0     1     0     0     5     3     7     0     1     0
> for (i in 1:2000) {
+   v <- v * (1+ (mm %*% v)/10000)
+ }
> max(mm %*% v)
[1] 0.2321159
> sum(v)
[1] 1
> t(floor(v* 100))
     [,1] [,2] [,3] [,4] [,5] [,6] [,7] [,8] [,9] [,10] [,11] [,12] [,13] [,14] [,15] [,16] [,17] [,18] [,19] [,20] [,21] [,22] [,23] [,24]
[1,]    0    0    5    7    3    5    5    0    0     7     0     3     0     1     0     7     6     0     0     1     5     0     7     1
     [,25] [,26] [,27] [,28] [,29] [,30] [,31] [,32] [,33] [,34] [,35] [,36] [,37] [,38]
[1,]     1     6     0     3     0     1     0     0     5     3     7     0     1     0
> for (i in 1:2000) {
+   v <- v * (1+ (mm %*% v)/10000)
+ }
> max(mm %*% v)
[1] 0.2336716
> sum(v)
[1] 1
> t(floor(v* 100))
     [,1] [,2] [,3] [,4] [,5] [,6] [,7] [,8] [,9] [,10] [,11] [,12] [,13] [,14] [,15] [,16] [,17] [,18] [,19] [,20] [,21] [,22] [,23] [,24]
[1,]    0    0    5    7    3    5    4    0    0     7     0     3     0     1     0     7     6     0     0     1     5     0     7     1
     [,25] [,26] [,27] [,28] [,29] [,30] [,31] [,32] [,33] [,34] [,35] [,36] [,37] [,38]
[1,]     1     6     0     3     0     1     0     0     5     3     7     0     1     0
> for (i in 1:2000) {
+   v <- v * (1+ (mm %*% v)/10000)
+ }
> max(mm %*% v)
[1] 0.2327295
> sum(v)
[1] 1
> t(floor(v* 100))
     [,1] [,2] [,3] [,4] [,5] [,6] [,7] [,8] [,9] [,10] [,11] [,12] [,13] [,14] [,15] [,16] [,17] [,18] [,19] [,20] [,21] [,22] [,23] [,24]
[1,]    0    0    5    7    3    5    4    0    0     7     0     3     0     1     0     7     6     0     0     1     5     0     7     1
     [,25] [,26] [,27] [,28] [,29] [,30] [,31] [,32] [,33] [,34] [,35] [,36] [,37] [,38]
[1,]     1     6     0     3     0     1     0     0     5     3     8     0     1     0
> for (i in 1:2000) {
+   v <- v * (1+ (mm %*% v)/10000)
+ }
> max(mm %*% v)
[1] 0.2293112
> sum(v)
[1] 1
> t(floor(v* 100))
     [,1] [,2] [,3] [,4] [,5] [,6] [,7] [,8] [,9] [,10] [,11] [,12] [,13] [,14] [,15] [,16] [,17] [,18] [,19] [,20] [,21] [,22] [,23] [,24]
[1,]    0    0    5    7    3    5    4    0    0     6     0     3     0     1     0     6     6     0     0     1     5     0     6     1
     [,25] [,26] [,27] [,28] [,29] [,30] [,31] [,32] [,33] [,34] [,35] [,36] [,37] [,38]
[1,]     1     6     0     3     0     1     0     0     5     3     8     0     1     0
> for (i in 1:2000) {
+   v <- v * (1+ (mm %*% v)/10000)
+ }
> max(mm %*% v)
[1] 0.2234604
> sum(v)
[1] 1
> t(floor(v* 100))
     [,1] [,2] [,3] [,4] [,5] [,6] [,7] [,8] [,9] [,10] [,11] [,12] [,13] [,14] [,15] [,16] [,17] [,18] [,19] [,20] [,21] [,22] [,23] [,24]
[1,]    0    0    5    7    3    5    4    0    0     6     0     3     0     1     0     6     6     0     0     1     5     0     6     1
     [,25] [,26] [,27] [,28] [,29] [,30] [,31] [,32] [,33] [,34] [,35] [,36] [,37] [,38]
[1,]     1     6     0     3     0     1     0     0     5     4     9     0     1     0
> for (i in 1:2000) {
+   v <- v * (1+ (mm %*% v)/10000)
+ }
> max(mm %*% v)
[1] 0.2152435
> sum(v)
[1] 1
> t(floor(v* 100))
     [,1] [,2] [,3] [,4] [,5] [,6] [,7] [,8] [,9] [,10] [,11] [,12] [,13] [,14] [,15] [,16] [,17] [,18] [,19] [,20] [,21] [,22] [,23] [,24]
[1,]    0    0    6    8    3    5    4    0    0     6     0     3     0     1     0     6     6     0     0     1     5     0     6     1
     [,25] [,26] [,27] [,28] [,29] [,30] [,31] [,32] [,33] [,34] [,35] [,36] [,37] [,38]
[1,]     1     6     0     3     0     1     0     0     5     4     9     0     1     0
> for (i in 1:2000) {
+   v <- v * (1+ (mm %*% v)/10000)
+ }
> max(mm %*% v)
[1] 0.2047513
> sum(v)
[1] 1
> t(floor(v* 100))
     [,1] [,2] [,3] [,4] [,5] [,6] [,7] [,8] [,9] [,10] [,11] [,12] [,13] [,14] [,15] [,16] [,17] [,18] [,19] [,20] [,21] [,22] [,23] [,24]
[1,]    0    0    6    8    3    5    3    0    0     6     0     3     0     1     0     6     6     0     0     1     5     0     6     1
     [,25] [,26] [,27] [,28] [,29] [,30] [,31] [,32] [,33] [,34] [,35] [,36] [,37] [,38]
[1,]     1     6     0     3     0     1     0     0     5     4     9     0     1     0
> for (i in 1:2000) {
+   v <- v * (1+ (mm %*% v)/10000)
+ }
> max(mm %*% v)
[1] 0.1921003
> sum(v)
[1] 1
> t(floor(v* 100))
     [,1] [,2] [,3] [,4] [,5] [,6] [,7] [,8] [,9] [,10] [,11] [,12] [,13] [,14] [,15] [,16] [,17] [,18] [,19] [,20] [,21] [,22] [,23] [,24]
[1,]    0    0    6    8    3    5    3    0    0     5     0     3     0     1     0     5     5     0     0     1     5     0     5     1
     [,25] [,26] [,27] [,28] [,29] [,30] [,31] [,32] [,33] [,34] [,35] [,36] [,37] [,38]
[1,]     1     6     0     3     0     1     0     0     5     4    10     0     1     0
> for (i in 1:2000) {
+   v <- v * (1+ (mm %*% v)/10000)
+ }
> max(mm %*% v)
[1] 0.1774343
> sum(v)
[1] 1
> t(floor(v* 100))
     [,1] [,2] [,3] [,4] [,5] [,6] [,7] [,8] [,9] [,10] [,11] [,12] [,13] [,14] [,15] [,16] [,17] [,18] [,19] [,20] [,21] [,22] [,23] [,24]
[1,]    0    0    6    8    3    5    3    0    0     5     0     3     0     1     0     5     5     0     0     1     5     0     5     1
     [,25] [,26] [,27] [,28] [,29] [,30] [,31] [,32] [,33] [,34] [,35] [,36] [,37] [,38]
[1,]     1     6     0     3     0     1     0     0     6     4    10     0     1     0
> for (i in 1:2000) {
+   v <- v * (1+ (mm %*% v)/100)
+ }
> max(mm %*% v)
[1] 0.1758471
> sum(v)
[1] 1
> t(floor(v* 100))
     [,1] [,2] [,3] [,4] [,5] [,6] [,7] [,8] [,9] [,10] [,11] [,12] [,13] [,14] [,15] [,16] [,17] [,18] [,19] [,20] [,21] [,22] [,23] [,24]
[1,]    0    0    4    8    4    5    6    0    0     4     0     3     0     1     0     4     8     0     0     1     6     0     4     0
     [,25] [,26] [,27] [,28] [,29] [,30] [,31] [,32] [,33] [,34] [,35] [,36] [,37] [,38]
[1,]     0    11     0     3     0     1     0     0     6     2     8     0     0     0
> cbind(vs_filt, floor(v * 100))[order(-v), ]
      spd atk def   
 [1,]   3  35  23 11
 [2,]   1  55  23  8
 [3,]   5  29  23  8
 [4,]   3  41  17  8
 [5,]   2  64   9  6
 [6,]   1  56  22  6
 [7,]   2  56  14  6
 [8,]   4  34  21  5
 [9,]   3  54   3  4
[10,]   3  52   5  4
[11,]   3  47  10  4
[12,]   1  69  13  4
[13,]   5  33  16  4
[14,]   5  41   2  3
[15,]   5  41   2  3
[16,]   5  36  11  2
[17,]   3  40  18  1
[18,]   3  38  20  1
[19,]   3  38  20  1
[20,]   1  80   5  0
[21,]   1  80   5  0
[22,]   1  80   5  0
[23,]   4  40   9  0
[24,]   3  37  21  0
[25,]   3  37  21  0
[26,]   1  84   2  0
[27,]   2  73   4  0
[28,]   1  57  21  0
[29,]   2  62  10  0
[30,]   2  54  15  0
[31,]   2  54  15  0
[32,]   5  32  17  0
[33,]   2  76   2  0
[34,]   1  54  23  0
[35,]   5  31  18  0
[36,]   1  55  22  0
[37,]   3  49   3  0
[38,]   3  50   1  0
> unique(vs_filt)
      spd atk def
 [1,]   2  76   2
 [2,]   3  50   1
 [3,]   5  33  16
 [4,]   1  55  23
 [5,]   1  69  13
 [6,]   4  34  21
 [7,]   2  64   9
 [8,]   4  40   9
 [9,]   2  62  10
[10,]   3  54   3
[11,]   2  54  15
[12,]   5  41   2
[13,]   3  49   3
[14,]   3  40  18
[15,]   1  84   2
[16,]   3  52   5
[17,]   3  41  17
[18,]   3  37  21
[19,]   1  54  23
[20,]   3  38  20
[21,]   2  56  14
[22,]   1  57  21
[23,]   3  47  10
[24,]   1  80   5
[25,]   3  35  23
[26,]   5  32  17
[27,]   2  73   4
[28,]   1  56  22
[29,]   5  36  11
[30,]   5  29  23
[31,]   1  55  22
[32,]   5  31  18
> vs_filt <- unique(vs_filt)
> mm <- matchup_matrix(vs_filt)
> rs <- rowSums(mm)
> cbind(vs_filt, rs)[order(-rs), ]
      spd atk def rs
 [1,]   5  33  16  5
 [2,]   4  34  21  5
 [3,]   5  29  23  5
 [4,]   1  55  23  3
 [5,]   4  40   9  3
 [6,]   3  54   3  3
 [7,]   5  41   2  3
 [8,]   3  52   5  3
 [9,]   3  41  17  3
[10,]   3  47  10  3
[11,]   3  35  23  3
[12,]   5  36  11  3
[13,]   3  40  18  1
[14,]   3  38  20  1
[15,]   5  32  17  1
[16,]   1  56  22  1
[17,]   3  37  21  0
[18,]   1  57  21  0
[19,]   1  69  13 -2
[20,]   2  64   9 -2
[21,]   3  49   3 -2
[22,]   2  56  14 -2
[23,]   5  31  18 -2
[24,]   1  80   5 -3
[25,]   2  73   4 -3
[26,]   2  76   2 -4
[27,]   3  50   1 -4
[28,]   2  62  10 -4
[29,]   2  54  15 -4
[30,]   1  54  23 -4
[31,]   1  84   2 -5
[32,]   1  55  22 -5
> v <- rep(1/dim(mm)[1], dim(mm)[1])
> for (i in 1:2000) {
+   v <- v * (1+ (mm %*% v)/100)
+ }
> max(mm %*% v)
[1] 0.1451719
> sum(v)
[1] 1
> t(floor(v* 100))
     [,1] [,2] [,3] [,4] [,5] [,6] [,7] [,8] [,9] [,10] [,11] [,12] [,13] [,14] [,15] [,16] [,17] [,18] [,19] [,20] [,21] [,22] [,23] [,24]
[1,]    0    0    3    5    4    5    7    1    2     5     1     2     0     2     1     5     5     0     0     2     6     1     5     4
     [,25] [,26] [,27] [,28] [,29] [,30] [,31] [,32]
[1,]     4     0     1     3     1    11     0     0
> for (i in 1:2000) {
+   v <- v * (1+ (mm %*% v)/100)
+ }
> max(mm %*% v)
[1] 0.1352995
> sum(v)
[1] 1
> t(floor(v* 100))
     [,1] [,2] [,3] [,4] [,5] [,6] [,7] [,8] [,9] [,10] [,11] [,12] [,13] [,14] [,15] [,16] [,17] [,18] [,19] [,20] [,21] [,22] [,23] [,24]
[1,]    0    0    3    6    6    5   11    0    0     5     0     4     0     2     0     5     6     0     0     2     4     0     5     8
     [,25] [,26] [,27] [,28] [,29] [,30] [,31] [,32]
[1,]     4     0     0     4     2     8     0     0
> cbind(vs_filt, floor(v * 100))[order(-v), ]
      spd atk def   
 [1,]   2  64   9 11
 [2,]   1  80   5  8
 [3,]   5  29  23  8
 [4,]   3  41  17  6
 [5,]   1  55  23  6
 [6,]   1  69  13  6
 [7,]   3  54   3  5
 [8,]   3  52   5  5
 [9,]   3  47  10  5
[10,]   4  34  21  5
[11,]   1  56  22  4
[12,]   3  35  23  4
[13,]   2  56  14  4
[14,]   5  41   2  4
[15,]   5  33  16  3
[16,]   5  36  11  2
[17,]   3  40  18  2
[18,]   3  38  20  2
[19,]   1  57  21  0
[20,]   2  73   4  0
[21,]   2  62  10  0
[22,]   1  84   2  0
[23,]   2  54  15  0
[24,]   4  40   9  0
[25,]   3  37  21  0
[26,]   5  32  17  0
[27,]   1  54  23  0
[28,]   2  76   2  0
[29,]   1  55  22  0
[30,]   5  31  18  0
[31,]   3  49   3  0
[32,]   3  50   1  0
> vs_filt <- vs_filt[v > 0.01, ]
> mm <- matchup_matrix(vs_filt)
> v <- rep(1/dim(mm)[1], dim(mm)[1])
> for (i in 1:2000) {
+   v <- v * (1+ (mm %*% v)/100)
+ }
> max(mm %*% v)
[1] 0.2078502
> sum(v)
[1] 1
> t(floor(v* 100))
     [,1] [,2] [,3] [,4] [,5] [,6] [,7] [,8] [,9] [,10] [,11] [,12] [,13] [,14] [,15] [,16] [,17] [,18]
[1,]    4    7    1    6    7    6    3    5    6     5     5     7     6     3     4     7     2     7
> for (i in 1:2000) {
+   v <- v * (1+ (mm %*% v)/100)
+ }
> max(mm %*% v)
[1] 0.2094707
> sum(v)
[1] 1
> t(floor(v* 100))
     [,1] [,2] [,3] [,4] [,5] [,6] [,7] [,8] [,9] [,10] [,11] [,12] [,13] [,14] [,15] [,16] [,17] [,18]
[1,]    2    4    2    4   10    7    4    2    7     2     2     6     7     4     8     4     2    11
> for (i in 1:2000) {
+   v <- v * (1+ (mm %*% v)/100)
+ }
> max(mm %*% v)
[1] 0.2206106
> sum(v)
[1] 1
> t(floor(v* 100))
     [,1] [,2] [,3] [,4] [,5] [,6] [,7] [,8] [,9] [,10] [,11] [,12] [,13] [,14] [,15] [,16] [,17] [,18]
[1,]    3    4    8    2    9    6    4    4    6     4     4     7     6     6     6     4     4     6
> for (i in 1:2000) {
+   v <- v * (1+ (mm %*% v)/100)
+ }
> max(mm %*% v)
[1] 0.2191301
> sum(v)
[1] 1
> t(floor(v* 100))
     [,1] [,2] [,3] [,4] [,5] [,6] [,7] [,8] [,9] [,10] [,11] [,12] [,13] [,14] [,15] [,16] [,17] [,18]
[1,]    2    8    3    2   12    7    3    4    7     4     4     9     7     3     3     8     3     5
> for (i in 1:2000) {
+   v <- v * (1+ (mm %*% v)/100)
+ }
> max(mm %*% v)
[1] 0.2489018
> sum(v)
[1] 1
> t(floor(v* 100))
     [,1] [,2] [,3] [,4] [,5] [,6] [,7] [,8] [,9] [,10] [,11] [,12] [,13] [,14] [,15] [,16] [,17] [,18]
[1,]    2    6    3    2   14    6    2    2    6     2     2    12     6     3     5     6     2    11
> for (i in 1:2000) {
+   v <- v * (1+ (mm %*% v)/100)
+ }
> max(mm %*% v)
[1] 0.242202
> sum(v)
[1] 1
> t(floor(v* 100))
     [,1] [,2] [,3] [,4] [,5] [,6] [,7] [,8] [,9] [,10] [,11] [,12] [,13] [,14] [,15] [,16] [,17] [,18]
[1,]    2    6   13    2   10    5    3    2    5     2     2     9     5     5     3     6     4     7
> cbind(vs_filt, floor(v * 100))[order(-v), ]
      spd atk def   
 [1,]   1  69  13 13
 [2,]   2  64   9 10
 [3,]   2  56  14  9
 [4,]   5  29  23  7
 [5,]   1  55  23  6
 [6,]   1  56  22  6
 [7,]   3  54   3  5
 [8,]   3  52   5  5
 [9,]   3  47  10  5
[10,]   1  80   5  5
[11,]   5  36  11  4
[12,]   3  35  23  3
[13,]   5  41   2  3
[14,]   5  33  16  2
[15,]   4  34  21  2
[16,]   3  40  18  2
[17,]   3  41  17  2
[18,]   3  38  20  2
> vs <- data.frame(vs_filt)
> ggplot(vs, aes(atk, def, colour = spd)) + 
+   geom_point()
> vs[vs[, 1]==3, ]
   spd atk def
6    3  54   3
8    3  40  18
9    3  52   5
10   3  41  17
11   3  38  20
13   3  47  10
15   3  35  23
> cbind(vs, vs[, 2] + vs[, 3])[vs[, 1]==3, ]
   spd atk def vs[, 2] + vs[, 3]
6    3  54   3                57
8    3  40  18                58
9    3  52   5                57
10   3  41  17                58
11   3  38  20                58
13   3  47  10                57
15   3  35  23                58
> cbind(vs, vs[, 2] + vs[, 3])[vs[, 1]==4, ]
  spd atk def vs[, 2] + vs[, 3]
4   4  34  21                55
> cbind(vs, vs[, 2] + vs[, 3])[vs[, 1]==5, ]
   spd atk def vs[, 2] + vs[, 3]
1    5  33  16                49
7    5  41   2                43
17   5  36  11                47
18   5  29  23                52
> vs <- data.frame(vs_filt)
> ggplot(vs, aes(atk, def, colour = spd)) + 
+   geom_point() +
+   scale_fill_brewer(palette="Set1")
> vs[, 3] <- as.factor(vs[, 3])
> ggplot(vs, aes(atk, def, colour = spd)) + 
+   geom_point() +
+ ggplot(vs, aes(atk, def, colour = spd)) + 
+   geom_point() +
+   scale_fill_brewer(palette="Set1")
Error: Don't know how to add ggplot(vs, aes(atk, def, colour = spd)) to a plot
> vs <- data.frame(vs_filt)
> vs[, 3] <- as.factor(vs[, 3])
> ggplot(vs, aes(atk, def, colour = spd)) + 
+   geom_point()
> vs <- data.frame(vs_filt)
> vs[, 1] <- as.factor(vs[, 1])
> ggplot(vs, aes(atk, def, colour = spd)) + 
+   geom_point()
> cbind(vs, vs[, 2] + vs[, 3])[vs[, 1]==3, ]
   spd atk def vs[, 2] + vs[, 3]
6    3  54   3                57
8    3  40  18                58
9    3  52   5                57
10   3  41  17                58
11   3  38  20                58
13   3  47  10                57
15   3  35  23                58
> cbind(vs, vs[, 2] + vs[, 3])[vs[, 1]==1, ]
   spd atk def vs[, 2] + vs[, 3]
2    1  55  23                78
3    1  69  13                82
14   1  80   5                85
16   1  56  22                78
> cbind(vs, 2*vs[, 2] + vs[, 3])[vs[, 1]==1, ]
   spd atk def 2 * vs[, 2] + vs[, 3]
2    1  55  23                   133
3    1  69  13                   151
14   1  80   5                   165
16   1  56  22                   134
> cbind(vs, 1.1*vs[, 2] + vs[, 3])[vs[, 1]==1, ]
   spd atk def 1.1 * vs[, 2] + vs[, 3]
2    1  55  23                    83.5
3    1  69  13                    88.9
14   1  80   5                    93.0
16   1  56  22                    83.6
> cbind(vs, vs[, 2] + 2*vs[, 3])[vs[, 1]==1, ]
   spd atk def vs[, 2] + 2 * vs[, 3]
2    1  55  23                   101
3    1  69  13                    95
14   1  80   5                    90
16   1  56  22                   100
> cbind(vs, vs[, 2] + 1.9*vs[, 3])[vs[, 1]==1, ]
   spd atk def vs[, 2] + 1.9 * vs[, 3]
2    1  55  23                    98.7
3    1  69  13                    93.7
14   1  80   5                    89.5
16   1  56  22                    97.8
> cbind(vs, vs[, 2] + 1.5*vs[, 3])[vs[, 1]==1, ]
   spd atk def vs[, 2] + 1.5 * vs[, 3]
2    1  55  23                    89.5
3    1  69  13                    88.5
14   1  80   5                    87.5
16   1  56  22                    89.0
> cbind(vs, vs[, 2] + vs[, 3])[vs[, 1]==5, ]
   spd atk def vs[, 2] + vs[, 3]
1    5  33  16                49
7    5  41   2                43
17   5  36  11                47
18   5  29  23                52
> cbind(vs, vs[, 2] + 3*vs[, 3])[vs[, 1]==5, ]
   spd atk def vs[, 2] + 3 * vs[, 3]
1    5  33  16                    81
7    5  41   2                    47
17   5  36  11                    69
18   5  29  23                    98
> cbind(vs, vs[, 2] + vs[, 3])[vs[, 1]==5, ]
   spd atk def vs[, 2] + vs[, 3]
1    5  33  16                49
7    5  41   2                43
17   5  36  11                47
18   5  29  23                52
> cbind(vs, 1.1*vs[, 2] + vs[, 3])[vs[, 1]==5, ]
   spd atk def 1.1 * vs[, 2] + vs[, 3]
1    5  33  16                    52.3
7    5  41   2                    47.1
17   5  36  11                    50.6
18   5  29  23                    54.9
> cbind(vs, 1.2*vs[, 2] + vs[, 3])[vs[, 1]==5, ]
   spd atk def 1.2 * vs[, 2] + vs[, 3]
1    5  33  16                    55.6
7    5  41   2                    51.2
17   5  36  11                    54.2
18   5  29  23                    57.8
> cbind(vs, 1.3*vs[, 2] + vs[, 3])[vs[, 1]==5, ]
   spd atk def 1.3 * vs[, 2] + vs[, 3]
1    5  33  16                    58.9
7    5  41   2                    55.3
17   5  36  11                    57.8
18   5  29  23                    60.7
> cbind(vs, 1.4*vs[, 2] + vs[, 3])[vs[, 1]==5, ]
   spd atk def 1.4 * vs[, 2] + vs[, 3]
1    5  33  16                    62.2
7    5  41   2                    59.4
17   5  36  11                    61.4
18   5  29  23                    63.6
> cbind(vs, 1.35*vs[, 2] + vs[, 3])[vs[, 1]==5, ]
   spd atk def 1.35 * vs[, 2] + vs[, 3]
1    5  33  16                    60.55
7    5  41   2                    57.35
17   5  36  11                    59.60
18   5  29  23                    62.15
> cbind(vs, 1.35*vs[, 2] + vs[, 3])[vs[, 1]==5, ]
   spd atk def 1.35 * vs[, 2] + vs[, 3]
1    5  33  16                    60.55
7    5  41   2                    57.35
17   5  36  11                    59.60
18   5  29  23                    62.15
> cbind(vs, 1.36*vs[, 2] + vs[, 3])[vs[, 1]==5, ]
   spd atk def 1.36 * vs[, 2] + vs[, 3]
1    5  33  16                    60.88
7    5  41   2                    57.76
17   5  36  11                    59.96
18   5  29  23                    62.44
> cbind(vs, 1.4*vs[, 2] + vs[, 3])[vs[, 1]==5, ]
   spd atk def 1.4 * vs[, 2] + vs[, 3]
1    5  33  16                    62.2
7    5  41   2                    59.4
17   5  36  11                    61.4
18   5  29  23                    63.6
> cbind(vs, 1.5*vs[, 2] + vs[, 3])[vs[, 1]==5, ]
   spd atk def 1.5 * vs[, 2] + vs[, 3]
1    5  33  16                    65.5
7    5  41   2                    63.5
17   5  36  11                    65.0
18   5  29  23                    66.5
> cbind(vs, 1.52*vs[, 2] + vs[, 3])[vs[, 1]==5, ]
   spd atk def 1.52 * vs[, 2] + vs[, 3]
1    5  33  16                    66.16
7    5  41   2                    64.32
17   5  36  11                    65.72
18   5  29  23                    67.08
> cbind(vs, 1.55*vs[, 2] + vs[, 3])[vs[, 1]==5, ]
   spd atk def 1.55 * vs[, 2] + vs[, 3]
1    5  33  16                    67.15
7    5  41   2                    65.55
17   5  36  11                    66.80
18   5  29  23                    67.95
> cbind(vs, 1.6*vs[, 2] + vs[, 3])[vs[, 1]==5, ]
   spd atk def 1.6 * vs[, 2] + vs[, 3]
1    5  33  16                    68.8
7    5  41   2                    67.6
17   5  36  11                    68.6
18   5  29  23                    69.4
> cbind(vs, 1.7*vs[, 2] + vs[, 3])[vs[, 1]==5, ]
   spd atk def 1.7 * vs[, 2] + vs[, 3]
1    5  33  16                    72.1
7    5  41   2                    71.7
17   5  36  11                    72.2
18   5  29  23                    72.3
> cbind(vs, 1.8*vs[, 2] + vs[, 3])[vs[, 1]==5, ]
   spd atk def 1.8 * vs[, 2] + vs[, 3]
1    5  33  16                    75.4
7    5  41   2                    75.8
17   5  36  11                    75.8
18   5  29  23                    75.2
> cbind(vs, 1.75*vs[, 2] + vs[, 3])[vs[, 1]==5, ]
   spd atk def 1.75 * vs[, 2] + vs[, 3]
1    5  33  16                    73.75
7    5  41   2                    73.75
17   5  36  11                    74.00
18   5  29  23                    73.75
> cbind(vs, vs[, 2] + vs[, 3])[vs[, 1]==3, ]
   spd atk def vs[, 2] + vs[, 3]
6    3  54   3                57
8    3  40  18                58
9    3  52   5                57
10   3  41  17                58
11   3  38  20                58
13   3  47  10                57
15   3  35  23                58
> cbind(vs, 1.1*vs[, 2] + vs[, 3])[vs[, 1]==3, ]
   spd atk def 1.1 * vs[, 2] + vs[, 3]
6    3  54   3                    62.4
8    3  40  18                    62.0
9    3  52   5                    62.2
10   3  41  17                    62.1
11   3  38  20                    61.8
13   3  47  10                    61.7
15   3  35  23                    61.5
> cbind(vs, 1.05*vs[, 2] + vs[, 3])[vs[, 1]==3, ]
   spd atk def 1.05 * vs[, 2] + vs[, 3]
6    3  54   3                    59.70
8    3  40  18                    60.00
9    3  52   5                    59.60
10   3  41  17                    60.05
11   3  38  20                    59.90
13   3  47  10                    59.35
15   3  35  23                    59.75
> cbind(vs, 1.06*vs[, 2] + vs[, 3])[vs[, 1]==3, ]
   spd atk def 1.06 * vs[, 2] + vs[, 3]
6    3  54   3                    60.24
8    3  40  18                    60.40
9    3  52   5                    60.12
10   3  41  17                    60.46
11   3  38  20                    60.28
13   3  47  10                    59.82
15   3  35  23                    60.10
> cbind(vs, vs[, 2] + 1.5 * vs[, 3])[vs[, 1]==1, ]
   spd atk def vs[, 2] + 1.5 * vs[, 3]
2    1  55  23                    89.5
3    1  69  13                    88.5
14   1  80   5                    87.5
16   1  56  22                    89.0
> cbind(vs, vs[, 2] + 1.4 * vs[, 3])[vs[, 1]==1, ]
   spd atk def vs[, 2] + 1.4 * vs[, 3]
2    1  55  23                    87.2
3    1  69  13                    87.2
14   1  80   5                    87.0
16   1  56  22                    86.8
> cbind(vs, vs[, 2] + 1.35 * vs[, 3])[vs[, 1]==1, ]
   spd atk def vs[, 2] + 1.35 * vs[, 3]
2    1  55  23                    86.05
3    1  69  13                    86.55
14   1  80   5                    86.75
16   1  56  22                    85.70
> cbind(vs, vs[, 2] + 1.45 * vs[, 3])[vs[, 1]==1, ]
   spd atk def vs[, 2] + 1.45 * vs[, 3]
2    1  55  23                    88.35
3    1  69  13                    87.85
14   1  80   5                    87.25
16   1  56  22                    87.90
> cbind(vs, vs[, 2] + 1.4 * vs[, 3])[vs[, 1]==1, ]
   spd atk def vs[, 2] + 1.4 * vs[, 3]
2    1  55  23                    87.2
3    1  69  13                    87.2
14   1  80   5                    87.0
16   1  56  22                    86.8
> 1/1.4
[1] 0.7142857
> cbind(vs, 0.7 * vs[, 2] + * vs[, 3])[vs[, 1]==1, ]
Error: unexpected '*' in "cbind(vs, 0.7 * vs[, 2] + *"
> cbind(vs, 0.7 * vs[, 2] + vs[, 3])[vs[, 1]==1, ]
   spd atk def 0.7 * vs[, 2] + vs[, 3]
2    1  55  23                    61.5
3    1  69  13                    61.3
14   1  80   5                    61.0
16   1  56  22                    61.2
> cbind(vs, 1.06 * vs[, 2] + vs[, 3])[vs[, 1]==3, ]
   spd atk def 1.06 * vs[, 2] + vs[, 3]
6    3  54   3                    60.24
8    3  40  18                    60.40
9    3  52   5                    60.12
10   3  41  17                    60.46
11   3  38  20                    60.28
13   3  47  10                    59.82
15   3  35  23                    60.10
> cbind(vs, 1.75 * vs[, 2] + vs[, 3])[vs[, 1]==3, ]
   spd atk def 1.75 * vs[, 2] + vs[, 3]
6    3  54   3                    97.50
8    3  40  18                    88.00
9    3  52   5                    96.00
10   3  41  17                    88.75
11   3  38  20                    86.50
13   3  47  10                    92.25
15   3  35  23                    84.25
> cbind(vs, 1.75 * vs[, 2] + vs[, 3])[vs[, 1]==5, ]
   spd atk def 1.75 * vs[, 2] + vs[, 3]
1    5  33  16                    73.75
7    5  41   2                    73.75
17   5  36  11                    74.00
18   5  29  23                    73.75
> 1/1.75
[1] 0.5714286
> cbind(vs, vs[, 2] + 0.57 * vs[, 3])[vs[, 1]==5, ]
   spd atk def vs[, 2] + 0.57 * vs[, 3]
1    5  33  16                    42.12
7    5  41   2                    42.14
17   5  36  11                    42.27
18   5  29  23                    42.11
> cbind(vs, vs[, 2] + 1.4 * vs[, 3])[vs[, 1]==1, ]
   spd atk def vs[, 2] + 1.4 * vs[, 3]
2    1  55  23                    87.2
3    1  69  13                    87.2
14   1  80   5                    87.0
16   1  56  22                    86.8
> cbind(vs, 0.9 * vs[, 2] + vs[, 3])[vs[, 1]==2, ]
   spd atk def 0.9 * vs[, 2] + vs[, 3]
5    2  64   9                    66.6
12   2  56  14                    64.4
> cbind(vs, 0.95 * vs[, 2] + vs[, 3])[vs[, 1]==2, ]
   spd atk def 0.95 * vs[, 2] + vs[, 3]
5    2  64   9                     69.8
12   2  56  14                     67.2
> cbind(vs, 0.85 * vs[, 2] + vs[, 3])[vs[, 1]==2, ]
   spd atk def 0.85 * vs[, 2] + vs[, 3]
5    2  64   9                     63.4
12   2  56  14                     61.6
> cbind(vs, 0.9 * vs[, 2] + vs[, 3])[vs[, 1]==2, ]
   spd atk def 0.9 * vs[, 2] + vs[, 3]
5    2  64   9                    66.6
12   2  56  14                    64.4
> cbind(vs, 0.8 * vs[, 2] + vs[, 3])[vs[, 1]==2, ]
   spd atk def 0.8 * vs[, 2] + vs[, 3]
5    2  64   9                    60.2
12   2  56  14                    58.8
> cbind(vs, 1.3 * vs[, 2] + vs[, 3])[vs[, 1]==4, ]
  spd atk def 1.3 * vs[, 2] + vs[, 3]
4   4  34  21                    65.2